// Jest Snapshot v1, https://goo.gl/fbAQLP

exports[`simple project builds 1`] = `""`;

exports[`simple project cleans 1`] = `
Array [
  " D lib/generated-simple-project.js",
]
`;
